// Texture Load Functions
27,1,0018C5AC:texLoadFunc1
27,1,0018C40C:texLoadFunc2
27,1,0018C440:texLoadFunc3
27,1,0018C480:texLoadFunc4
27,1,0018C4B0:texLoadFunc5
27,1,0018C554:texLoadFunc6

// AI Controller Functions

// ftResourcePatches targets
27,1,001097F2:ftManagerEntry11
27,1,001097FE:ftManagerEntry12
27,1,00109826:ftManagerEntry21
27,1,00109832:ftManagerEntry22
27,1,0014196E:ftDataProviderReq11
27,1,00141996:ftDataProviderReq12
27,1,001419BE:ftRes_1419BE
27,1,00142156:ftRes_142156
27,1,001421AE:ftRes_1421AE
27,1,001421D6:ftRes_1421D6
27,1,0014225A:ftRes_14225A
27,1,00142282:ftRes_142282
27,1,001422D6:ftRes_1422D6
27,1,001422FE:ftRes_1422FE
27,1,00142306:ftRes_142306
27,1,0014231A:ftRes_14231A
27,1,00142362:ftRes_142362
27,1,0014238A:ftRes_14238A
27,1,001423EE:ftRes_1423EE
27,1,00142432:ftRes_142432
27,1,0014246E:ftRes_14246E
27,1,00142496:ftRes_142496
27,1,001424F2:ftRes_1424F2
27,1,0014251A:ftRes_14251A
27,1,00142522:ftRes_142522
27,1,00142536:ftRes_142536
27,1,00142576:ftRes_142576
27,1,0014259E:ftRes_14259E
27,1,001425BA:ftRes_1425BA
27,1,001425DA:ftRes_1425DA
27,1,00142632:ftRes_142632
27,1,0014265A:ftRes_14265A
27,1,00142732:ftRes_142732
27,1,00142756:ftRes_142756
27,1,0014278A:ftRes_14278A
27,1,001427AE:ftRes_1427AE
27,1,00142866:ftRes_142866
27,1,0014288A:ftRes_14288A
27,1,0014293E:ftRes_14293E
27,1,00142962:ftRes_142962
27,1,00142A5E:ftRes_142A5E
27,1,00142ABA:ftRes_142ABA
27,1,00142B02:ftRes_142B02
27,1,00142B1E:ftRes_142B1E
27,1,00142B36:ftRes_142B36
27,1,00142B66:ftRes_142B66
27,1,00142BC2:ftRes_142BC2
27,1,00142BE6:ftRes_142BE6
27,1,00142C1A:ftRes_142C1A
27,1,00142C3E:ftRes_142C3E
27,1,00142CB2:ftRes_142CB2
27,1,00142DFE:ftRes_142DFE
27,1,00142E1A:ftRes_142E1A
27,1,00142E32:ftRes_142E32
27,1,00142E62:ftRes_142E62
27,1,00142EFA:ftRes_142EFA
27,1,00142F1E:ftRes_142F1E
27,1,00142F8E:ftRes_142F8E
27,1,001430DA:ftRes_1430DA
27,1,001430F6:ftRes_1430F6
27,1,0014310E:ftRes_14310E
27,1,0014313E:ftRes_14313E
27,1,001431D6:ftRes_1431D6
27,1,001431FA:ftRes_1431FA
27,1,0014326A:ftRes_14326A
27,1,001433AA:ftRes_1433AA
27,1,00143422:ftRes_143422
27,1,0014345E:ftRes_14345E
27,1,00143476:ftRes_143476
27,1,0014349A:ftRes_14349A
27,1,001434D2:ftRes_1434D2
27,1,001434EA:ftRes_1434EA
27,1,0014352A:ftRes_14352A
27,1,00143546:ftRes_143546
27,1,00143B8A:ftRes_143B8A
27,1,00143B92:ftRes_143B92
27,1,0014414A:ftRes_14414A
27,1,0014416A:ftRes_14416A
27,1,001441BA:ftRes_1441BA
27,1,00144346:ftRes_144346
27,1,00144382:ftRes_144382
27,1,001443EE:ftRes_1443EE

// finalRscFlags targets
27,1,001429CE:finalRscPatch1
27,1,001429D2:finalRscPatch2
27,1,001429D4:finalRscPatch3
27,1,001429D8:finalRscPatch4
27,1,00142AF4:finalRscPatch5
27,1,00142BA0:finalRscPatch6

// motionEtcFlags targets
27,1,0012456A:motionEtcPatch1A
27,1,0012456E:motionEtcPatch1B
27,1,001245E6:motionEtcPatch2A
27,1,001245EA:motionEtcPatch2B
27,1,0012B07E:motionEtcPatch3A
27,1,0012B086:motionEtcPatch3B
27,1,0012B2FA:motionEtcPatch4A
27,1,0012B302:motionEtcPatch4B
27,1,0012D876:motionEtcPatch5A
27,1,0012D87A:motionEtcPatch5B
27,1,0012DB52:motionEtcPatch6A
27,1,0012DB56:motionEtcPatch6B
27,1,00130D92:motionEtcPatch7A
27,1,00130D96:motionEtcPatch7B
27,1,0013416E:motionEtcPatch8A
27,1,00134172:motionEtcPatch8B
27,1,001426E6:motionEtcPatch9A
27,1,001426EA:motionEtcPatch9B
27,1,0014281E:motionEtcPatch10A
27,1,00142822:motionEtcPatch10B
27,1,001428F6:motionEtcPatch11A
27,1,001428FA:motionEtcPatch11B
