.module 10
.section 1
00000000 muSelCharTask_create
00000060 muSelCharTask___ct
000003d0 muSelCharCBCalcWorld___ct
000003f4 muSelCharCBCalcWorld___dt
00000434 muSelCharTask___dt
000005f0 muSelCharTask_initProc
0000112c muSelCharTask_isWifiMode
00001264 muSelCharTask_getSelCharType
00001278 Network_getMyAID
00001284 sndSystem_getInstance
00001290 muSelCharTask_getDefaultFromGlobal
00001ba4 muSelCharTask_setHomerunRule
00001bac muSelCharTask_setKumiteType
00001bb4 muSelCharTask_setQueueMeleeDropRule
00001bbc muSelCharTask_getDefaultRuleFromGlobal
00001e08 muSelCharTask_getGlobalHandiType
00001e1c muSelCharTask_setToGlobal
000024c0 muSelCharTask_isTeamBattle
000024c8 muSelCharTask_getPlayerArea
000024d8 muSelCharPlayerArea_getCharKind
000024e0 muSelCharTask_getRuleNumStock
000024e8 muSelCharTask_getHomerunRule
000024f0 muSelCharTask_getKumiteType
000024f8 muSelCharTask_getQueueMeleeDropRule
00002500 muSelCharTask_getDifficulty
00002508 muSelCharTask_changeDuplicateCharColor
00002674 muSelCharTask_isSameChar
000027e0 muSelCharTask_setRuleNumToGlobal
00002834 muSelCharTask_initControllerAssign
00002dc0 muSelCharTask_initPlayerArea
000035a0 muSelCharTask_isEntried2P
000035a8 muSelCharTask_initMsg
000039c8 muSelCharTask_getCoin
000039dc muSelCharTask_getHand
000039f0 muSelCharTask_initDisp
00004374 muSelCharTask_initDispHighScore
00004830 muSelCharTask_dispPairHighScore
00004900 muSelCharTask_dispOnlinePairHighScore
000049b4 muSelCharTask_dispVersusHighScore
00004a54 muSelCharTask_setState
00004cac muSelCharTask_sendWifiGameRule
00004db0 muSelCharTask_sendSystemAllCharKind
00004e10 muSelCharTask_processDefault
00005360 muSelCharTask_getRuleTaskState
00005368 muSelCharTask_wifiMain
00005fec muSelCharTask_setDifficulty
00005ff4 muSelCharTask_setRuleNumStock
000061d8 muSelCharTask_canWifiEntry
000062e4 muSelCharTask_selectingMain
00006914 muSelCharTask_controllerConnectProc
00006bc8 muSelCharTask_findFreeWiiControllerNo
00006c84 muSelCharTask_moveCoin
00006edc muSelCharTask_wifiEntryPlayer
00006ffc muSelCharTask_buttonProc
00007600 muSelCharHand_getMode
00007618 muSelCharTask_isPushedUnusedControllerStartButton
0000771c muSelCharTask_handModeProc
00007a94 muSelCharTask_buttonProcInAllArea
0000834c gfPadStatus_isButtonAOnEdge
00008358 muSelCharTask_isTeamBattleTouch
00008360 muSelCharTask_getMaxDiff
00008368 gfPadStatus_isButtonAOn
00008374 muSelCharPlayerArea_getDirRepeat
0000837c gfPadStatus_isButtonAOnRepeat
00008388 muSelCharTask_assignTeam
000084bc muSelCharTask_findRuleNumHoldPlayer
00008500 muSelCharTask_buttonProcInFaceArea
0000869c muSelCharTask_decideCharKind
000087cc muSelCharTask_arrangeCoinPrio
0000883c muSelCharTask_buttonProcInPlayerArea
000095b8 muSelCharTask_setPlayerKind
00009788 muSelCharTask_wifiProc
000099b8 muSelCharTask_isWifiGameMaster
00009a2c muSelCharTask_pointedProc
00009f40 muSelCharTask_nururiCoin
0000a400 muSelCharTask_nururiHand
0000a880 muSelCharTask_readyProc
0000aa74 muSelCharTask_isReady
0000aea0 muSelCharTask_bButtonHoldProc
0000b010 muSelCharTask_openWifiEntryConfirmDlg
0000b1cc muSelCharTask_closeWifiDlg
0000b2a4 muSelCharTask_updateCharHighScore
0000b398 muSelCharTask_getCharHighScore
0000b588 muSelCharTask_dispTargetTotalHighScore
0000b678 muSelCharTask_isCharHighScoreCleared
0000b79c muSelCharTask_getPairHighScore
0000ba4c muSelCharTask_getOnlinePairHighScore
0000bc98 muSelCharTask_ruleCall
0000bcf0 muSelCharCBCalcWorld_ExecCallback_DRAW_XLU
0000bd10 muSelCharCBCalcWorld_ExecCallback_DRAW_OPA
0000bd30 muSelCharCBCalcWorld_ExecCallback_CALC_VIEW
0000bd50 muSelCharCBCalcWorld_ExecCallback_CALC_MAT
0000bd70 muSelCharCBCalcWorld_ExecCallback_CALC_WORLD
0000bdd8 muSelCharTask_createCommonModel
0000c060 muSelCharTask_createSingleModel
0000c138 muSelCharTask_createWifiModel
0000c154 muSelCharTask_createObjResFile
0000c260 muSelCharTask_bindCalcWorldFlag
0000c314 muSelCharTask_getCharApparState
0000c380 muSelCharTask_getFaceSize
0000c420 muSelCharTask_addObj
0000c450 muSelCharTask_removeObj
0000c478 muSelCharTask_getSelCharTypeData
0000c48c muSelCharTask_getSelCharTypeHighScoreKind
0000c4c8 muSelCharTask_setMeleeKind
0000c768 muSelCharTask_getRuleDispType
0000c7e0 muSelCharTask_dispRule
0000ceec muSelCharTask_dispRuleNum
0000d07c muSelCharTask_getRuleTimeMax
0000d0a0 muSelCharTask_getRuleTimeMin
0000d0d8 muSelCharTask_incRuleNum
0000d30c muSelCharTask_decRuleNum
0000d540 muSelCharTask_setFaceIconMotion
0000d5f0 muSelCharTask_faceIconMain
0000d6a8 muSelCharTask_dispFaceIcon
0000d9b8 muSelCharTask_setReferFlag
0000da54 muSelCharTask_getCharListIdx
0000db04 muSelCharTask_getFacePos
0000dbc0 muSelCharTask_getFaceRect
0000dc38 muSelCharTask_getScreenArea
0000dc78 muSelCharTask_getCollKind
0000e904 muSelCharTask_canTeamBattle
0000ea6c muSelCharTask_getCollKindPlayerArea
0000eaf4 muSelCharTask_getCollCharKind
0000ebc0 muSelCharTask_getCollCoin
0000ee78 muSelCharTask_setRuleNumHoldCursorVisible
0000ef24 muSelCharTask_setCursor
0000efa0 muSelCharTask_removeCursor
0000efa8 muSelCharTask_setReadyState
0000f13c muSelCharTask_dispCanceled
0000f194 muSelCharTask_readyStateMain
0000f2d0 muSelCharTask_setReadyButtonPointed
0000f344 muSelCharTask_setReadyButtonDecided
0000f35c muSelCharTask_appearHomerunRule
0000f4c8 muSelCharTask_clickHomerunRule
0000f4e0 muSelCharTask_dispHomerunRule
0000f614 muSelCharTask_appearKumiteRule
0000f76c muSelCharTask_clickKumiteRule
0000f784 muSelCharTask_dispKumiteRule
0000f8a0 muSelCharTask_initDiffObj
0000f964 muSelCharTask_setVisibleDiff
0000f9d4 muSelCharTask_dispDiffLevel
0000fa10 muSelCharTask_initStockObj
0000fa74 muSelCharTask_setVisibleStock
0000fae4 muSelCharTask_dispNumStock
0000fbd4 muSelCharTask_setStockCharKind
0000fd00 muSelCharTask_setHighScoreStyle
0000fddc muSelCharTask_strcatHighScoreUnit
00010324 muSelCharTask_eraseAllHighScore
00010384 muSelCharTask_eraseHighScore
00010398 muSelCharTask_dispHighScoreDiffLevel
0001046c muSelCharTask_dispHighScorePairChar
000105a0 muSelCharTask_eraseHighScorePairChar
000105d8 muSelCharTask_changeToRule
00010758 muSelCharTask_mainRule
00010acc muSelCharTask_setRuleControlEnable
00010af8 muSelCharTask_setVisibleAllPlayersHandi
00010be0 muSelCharTask_dispWifiPrompt
00010cac muSelCharPlayerArea_create
00010d0c muSelCharPlayerArea___ct
00010ef8 muSelCharPlayerArea___dt
00011060 muSelCharPlayerArea_clearCharPicTexResArchive
00011070 muSelCharPlayerArea_setCharPicTexResArchive
0001107c muSelCharPlayerArea_getCharPicTexResFile
000110f8 muSelCharPlayerArea_getNumCharColor
00011100 muSelCharPlayerArea_initProc
00011454 muSelCharPlayerArea_initCharKind
00011720 muSelCharPlayerArea_getDefName
000117d8 muSelCharPlayerArea_initDisp
00011c50 muSelCharPlayerArea_initDispSelect
00011ea8 muSelCharPlayerArea_getWifiAID
00011f04 muSelCharPlayerArea_removeSelect
00012000 muSelCharPlayerArea_exchangePoke3ToGmCharKind
00012010 muSelCharPlayerArea_exchangeCharKindDetail
00012070 muSelCharPlayerArea_setZeldas
00012140 muSelCharPlayerArea_setPoke3
00012210 muSelCharPlayerArea_main
0001292c muSelCharPlayerArea_updateController
00012a3c muSelCharPlayerArea_wifiFriendMain
00012c40 muSelCharPlayerArea_dispWifiMenuSeq
00012e58 muSelCharPlayerArea_getWifiStateByWifiCond
00013014 muSelCharPlayerArea_submitFriendApply
00013054 muSelCharPlayerArea_submitFriendCertify
00013068 muSelCharPlayerArea_changeEntryModeToNormalMode
000130e8 muSelCharPlayerArea_changeNormalModeToWifiMode
00013464 muSelCharPlayerArea_wifiRequestPlayerEntry
000134c8 muSelCharPlayerArea_wifiExitPlayer
00013854 muSelCharPlayerArea_wifiCPUPlayerEntry
000138f0 muSelCharPlayerArea_wifiExitCpuPlayer
00013c80 muSelCharPlayerArea_rumbleController
00013cac muSelCharPlayerArea_sendSystemCharKind
00013f70 muSelCharPlayerArea_sendSystemCharKindDirect
000141a0 muSelCharPlayerArea_createCommonModel
00014350 muSelCharPlayerArea_createNameModel
00014368 muSelCharPlayerArea_createSingleModel
00014380 muSelCharPlayerArea_createWifiModel
00014414 muSelCharPlayerArea_createObjResFile
0001450c muSelCharPlayerArea_bindCalcWorldFlag
000145c0 muSelCharPlayerArea_addObj
000145f0 muSelCharPlayerArea_removeObj
00014618 muSelCharPlayerArea_getControllerKind
00014620 muSelCharPlayerArea_getColorNo
0001469c muSelCharPlayerArea_setCharKind
00014858 muSelCharPlayerArea_dispMarkKind
000148e8 muSelCharPlayerArea_setControllerNo
00014a2c muSelCharPlayerArea_forceCloseList
00014b68 muSelCharPlayerArea_setCharPic
00014db0 muSelCharPlayerArea_dispHandi
00014e5c muSelCharPlayerArea_setHandiVisible
00014ee8 muSelCharPlayerArea_dispCpLevel
00014f38 muSelCharPlayerArea_dispNumStar
00015168 muSelCharPlayerArea_getHandiDispMode
00015238 muSelCharPlayerArea_isTeamBattle
00015244 muSelCharPlayerArea_getCollKind
00015a84 muSelCharPlayerArea_setPlayerKind
00016158 muSelCharPlayerArea_updateMeleeKind
00016930 muSelCharPlayerArea_dispBaseMdlColor
000169f0 muSelCharPlayerArea_dispBaseMdlAnim
00016ad4 muSelCharPlayerArea_dispPlayerNum
00016b5c muSelCharPlayerArea_dispMarkColor
00016c1c muSelCharPlayerArea_dispNameEntryButtonVisible
00016ca8 muSelCharPlayerArea_dispNameEntryButtonColor
00016cdc muSelCharPlayerArea_dispPlayerKindButtonStyle
00016d74 muSelCharPlayerArea_dispPlayerKindButtonColor
00016dd8 muSelCharPlayerArea_dispControllerKind
00016e90 muSelCharPlayerArea_dispCpLevelVisible
00016f24 muSelCharPlayerArea_addToBaseMdl
00016f90 muSelCharPlayerArea_removeFromBaseMdl
00016fb8 muSelCharPlayerArea_incTeamColor
00017300 muSelCharPlayerArea_decTeamColor
00017644 muSelCharPlayerArea_setTeamColor
00017968 muSelCharPlayerArea_incCharColorNo
00017a7c muSelCharPlayerArea_decCharColorNo
00017b8c muSelCharPlayerArea_setCharPicInter
00017c18 muSelCharPlayerArea_dispCharPicEffect
00017c98 muSelCharPlayerArea_charPicEffectMain
00017d74 muSelCharPlayerArea_colorChangePointed
00017e18 muSelCharPlayerArea_nameEntryButtonPointed
00017ed8 muSelCharPlayerArea_playerKindButtonPointed
00017f98 muSelCharPlayerArea_handiButtonPointed
00018080 muSelCharPlayerArea_cpLevelButtonPointed
00018140 muSelCharPlayerArea_wifiFriendCommandButtonPointed
00018200 muSelCharPlayerArea_openHandiList
00018334 muSelCharPlayerArea_handiListMain
0001860c muSelCharPlayerArea_closeHandiList
00018614 muSelCharPlayerArea_openCpLevelList
00018658 muSelCharPlayerArea_cpLevelListMain
000187c0 muSelCharPlayerArea_closeCpLevelList
000187c8 muSelCharPlayerArea_setNameNo
00018908 muSelCharPlayerArea_dispName
00018a7c muSelCharPlayerArea_openNameList
00018ac0 muSelCharPlayerArea_nameListMain
00018dcc muSelCharPlayerArea_closeNameList
00018e04 muSelCharPlayerArea_addDisableNameList
00018e0c muSelCharPlayerArea_delDisableNameList
00018e14 muSelCharPlayerArea_clearDisableNameList
00018e1c muSelCharPlayerArea_openNameEntry
00018e38 muSelCharPlayerArea_nameEntryMain
00019154 muSelCharPlayerArea_closeNameEntry
0001915c muSelCharPlayerArea_dispWifiFriendProfileName
000191a0 muSelCharPlayerArea_dispWifiFriendName
00019250 muSelCharPlayerArea_dispWifiFriendProfileNameBaseColor
00019298 muSelCharPlayerArea_setWifiFriendProfileNameVisible
00019324 muSelCharPlayerArea_getWifiFriendProfileNameVisible
00019374 muSelCharPlayerArea_dispWifiDispState
00019508 muSelCharPlayerArea_isColorIncButtonPushed
00019604 muSelCharPlayerArea_isColorDecButtonPushed
00019700 muSelCharHand_create
000197f4 muSelCharHand___ct
00019914 muSelCharHand___dt
000199f8 muSelCharHand_createHandMdlAnim
00019d68 muSelCharHand_getPlayerNo
00019d74 muSelCharHand_updatePlayerNo
00019dd4 muSelCharHand_updateColorNo
00019e3c muSelCharHand_updateControllerNo
00019ef0 muSelCharHand_setBanVisible
00019f74 muSelCharHand_updateMtx
00019ff4 muSelCharHand_setCharAnimID
0001a0ec muSelCharHand_updateMeleeKind
0001a1a0 muSelCharHand_updateTeamColor
0001a254 muSelCharHand_processDefault
0001a348 muSelCharHand_setMode
0001a408 muSelCharHand_setForceNomalMode
0001a5d8 muSelCharHand_catchCoin
0001a7ac muSelCharHand_takeCoin
0001a924 muSelCharHand_putCoin
0001aa34 muSelCharHand_main
0001abf4 muSelCharHand_moveProc
0001ae30 muSelCharHand_getControllerStick
0001b2a4 muSelCharHand_getCollKind
0001b410 muSelCharHand_saveCollKind
0001b448 muSelCharHand_loadCollKind
0001b488 muSelCharHand_setCharAnimByCondition
0001c154 muSelCharHand_coinTakeProc
0001b750 muSelCharHand_getScreenArea
0001b794 muSelCharHand_bButtonHoldProc
0001b828 muSelCharHand_resetBButtonCnt
0001b834 muSelCharCoin_create
0001b8b4 muSelCharCoin___dt
0001b950 muSelCharCoin_initProc
0001bbe8 muSelCharCoin_getPlayerKind
0001bbf4 muSelCharCoin_setPos
0001bc38 muSelCharCoin_getPos
0001bc70 muSelCharCoin_updatePlayerKind
0001bd70 muSelCharCoin_getCoinNo
0001bd7c muSelCharCoin_getRadius
0001bdd0 muSelCharCoin_getScaleRadius
0001be5c muSelCharCoin_updateMeleeKind
0001bef8 muSelCharCoin_updateTeamColor
0001bf94 muSelCharCoin_main
0001c154 muSelCharCoin_jumpMove
0001c330 muSelCharCoin_dispEffect
0001c3e0 muSelCharCoin_getCursorObj
0001c3e8 muSelCharCoin_setHand
0001c470 muSelCharCoin_setMode
0001c514 muSelCharCoin_getScreenArea
0001c56c muSelCharCoin_getCoinDrawPrio
0001c57c muSelCharCoin_setBanVisible
0001c608 muSelcharPanelCtrlTask___ct
0001c704 muSelcharPanelCtrlTask_detachMsg
0001c74c muSelcharPanelCtrlTask___dt
0001c7d8 muSelcharPanelCtrlTask_processAnim
0001c7dc muSelcharPanelCtrlTask_setMsg
0001c830 muSelcharPanelCtrlTask_changeProcess
0001c840 muSelcharPanelCtrlTask_changeProcess1
0001c844 muSelcharPanelCtrlTask_frameCancel
0001c848 muPanelCtrlTask_getMsgData
0001c854 muPanelCtrlTask_setMsgData
0001c85c muPanelCtrlTask_clearMsg
0001c874 MuSelctChrList___ct
0001c8f0 MuSelctChrList_init
0001c97c MuSelctChrList_open
0001cce8 muselectcharacterlist_compare
0001cd6c MuSelctChrList_getListStr
0001cf64 MuSelctChrList_dispList
0001d2e8 MuSelctChrList_addDisableName
0001d3dc MuSelctChrList_delDisableName
0001d45c MuSelctChrList_clearDisableName
0001d4a8 MuSelctChrList_eraseList
0001d5c4 MuSelctChrList_main
0001dc10 MuSelctChrList_scrollStart
0001de50 MuSelctChrList_close
